// Jest Snapshot v1, https://goo.gl/fbAQLP

exports[`Testing if component renders properly Snapshot Testing 1`] = `
<DocumentFragment>
  <div
    class="testComponent "
    data-testid="test-component"
  >
    <h1
      class="heading"
    >
      I'm the test component
    </h1>
    <h2>
      Made with love by Harvey
    </h2>
    <button
      class="MuiButtonBase-root MuiButton-root MuiButton-contained MuiButton-containedPrimary"
      data-testid="test-button"
      tabindex="0"
      type="button"
    >
      <span
        class="MuiButton-label"
      >
        Call API
      </span>
      <span
        class="MuiTouchRipple-root"
      />
    </button>
  </div>
</DocumentFragment>
`;
